######## #########
#......###.......#############
#..P...|.|......|............#
#......###.......###########.#
######## ####|####         #.#################
            #.#            #.|...............#
            #.#            #.###############.#
            #.#            #.#             #.# 
            #.#            #.#             #.########
            #.#            #.#             #........#
            #.#            #.#             #.########
            #.#            #.#             #.#
#############|##############|###############|#############
#.......................................................#
#........................................................#
#........................S.......S.......................#
#.........h..............................................#
#........................................................#
#.@...........d.............R............................#
#........................................................#
#........................................................#
#..................s.....................................#
#........................................................#
#........................................................#
##########################################################